⚠ The "middleware" file convention is deprecated. Please use "proxy" instead.

  To migrate automatically, run:
  npx @next/codemod@canary middleware-to-proxy .

  Learn more: https://nextjs.org/docs/messages/middleware-to-proxy
⨯ Error: Failed to load external module node:util/types: TypeError: Native module not found: node:util/types
    at module evaluation (.next\dev\server\edge\chunks\[root-of-the-server]__12b6ng-._.js:28:33)
⨯ Error: Failed to load external module node:util/types: TypeError: Native module not found: node:util/types
    at module evaluation (.next\dev\server\edge\chunks\[root-of-the-server]__12b6ng-._.js:28:33)
⨯ Error [TypeError]: Cannot read properties of undefined (reading 'map')
    at module evaluation (src\middleware.ts:31:24)
  29 | }
  30 |
> 31 | export default NextAuth(authConfig).auth((req) => {
     |                        ^
  32 |   const { nextUrl } = req;
  33 |   const pathname = nextUrl.pathname;
  34 |   const isAuthenticated = Boolean(req.auth);
⨯ Error [TypeError]: Cannot read properties of undefined (reading 'map')
    at module evaluation (src\middleware.ts:31:24)
  29 | }
  30 |
> 31 | export default NextAuth(authConfig).auth((req) => {
     |                        ^
  32 |   const { nextUrl } = req;
  33 |   const pathname = nextUrl.pathname;
  34 |   const isAuthenticated = Boolean(req.auth);
⨯ Error [TypeError]: Cannot read properties of undefined (reading 'map')
    at module evaluation (src\middleware.ts:31:24)
  29 | }
  30 |
> 31 | export default NextAuth(authConfig).auth((req) => {
     |                        ^
  32 |   const { nextUrl } = req;
  33 |   const pathname = nextUrl.pathname;
  34 |   const isAuthenticated = Boolean(req.auth);
⨯ Error [TypeError]: Cannot read properties of undefined (reading 'map')
    at module evaluation (src\middleware.ts:31:24)
  29 | }
  30 |
> 31 | export default NextAuth(authConfig).auth((req) => {
     |                        ^
  32 |   const { nextUrl } = req;
  33 |   const pathname = nextUrl.pathname;
  34 |   const isAuthenticated = Boolean(req.auth);
⨯ Error [TypeError]: Cannot read properties of undefined (reading 'map')
    at module evaluation (src\middleware.ts:31:24)
  29 | }
  30 |
> 31 | export default NextAuth(authConfig).auth((req) => {
     |                        ^
  32 |   const { nextUrl } = req;
  33 |   const pathname = nextUrl.pathname;
  34 |   const isAuthenticated = Boolean(req.auth);
